------------------------------------------------------------
Timing Analyzer Summary
------------------------------------------------------------

Type  : Slow 1200mV 85C Model Setup 'u_pll_clk|altpll_component|auto_generated|pll1|clk[1]'
Slack : 2.463
TNS   : 0.000

Type  : Slow 1200mV 85C Model Setup 'u_pll_clk|altpll_component|auto_generated|pll1|clk[0]'
Slack : 5.201
TNS   : 0.000

Type  : Slow 1200mV 85C Model Setup 'clk'
Slack : 13.267
TNS   : 0.000

Type  : Slow 1200mV 85C Model Hold 'u_pll_clk|altpll_component|auto_generated|pll1|clk[0]'
Slack : 0.430
TNS   : 0.000

Type  : Slow 1200mV 85C Model Hold 'clk'
Slack : 0.453
TNS   : 0.000

Type  : Slow 1200mV 85C Model Hold 'u_pll_clk|altpll_component|auto_generated|pll1|clk[1]'
Slack : 0.453
TNS   : 0.000

Type  : Slow 1200mV 85C Model Minimum Pulse Width 'u_pll_clk|altpll_component|auto_generated|pll1|clk[1]'
Slack : 4.718
TNS   : 0.000

Type  : Slow 1200mV 85C Model Minimum Pulse Width 'u_pll_clk|altpll_component|auto_generated|pll1|clk[0]'
Slack : 9.718
TNS   : 0.000

Type  : Slow 1200mV 85C Model Minimum Pulse Width 'clk'
Slack : 9.784
TNS   : 0.000

Type  : Slow 1200mV 0C Model Setup 'u_pll_clk|altpll_component|auto_generated|pll1|clk[1]'
Slack : 2.970
TNS   : 0.000

Type  : Slow 1200mV 0C Model Setup 'u_pll_clk|altpll_component|auto_generated|pll1|clk[0]'
Slack : 5.398
TNS   : 0.000

Type  : Slow 1200mV 0C Model Setup 'clk'
Slack : 13.731
TNS   : 0.000

Type  : Slow 1200mV 0C Model Hold 'clk'
Slack : 0.401
TNS   : 0.000

Type  : Slow 1200mV 0C Model Hold 'u_pll_clk|altpll_component|auto_generated|pll1|clk[0]'
Slack : 0.401
TNS   : 0.000

Type  : Slow 1200mV 0C Model Hold 'u_pll_clk|altpll_component|auto_generated|pll1|clk[1]'
Slack : 0.401
TNS   : 0.000

Type  : Slow 1200mV 0C Model Minimum Pulse Width 'u_pll_clk|altpll_component|auto_generated|pll1|clk[1]'
Slack : 4.717
TNS   : 0.000

Type  : Slow 1200mV 0C Model Minimum Pulse Width 'u_pll_clk|altpll_component|auto_generated|pll1|clk[0]'
Slack : 9.717
TNS   : 0.000

Type  : Slow 1200mV 0C Model Minimum Pulse Width 'clk'
Slack : 9.772
TNS   : 0.000

Type  : Fast 1200mV 0C Model Setup 'u_pll_clk|altpll_component|auto_generated|pll1|clk[1]'
Slack : 6.754
TNS   : 0.000

Type  : Fast 1200mV 0C Model Setup 'u_pll_clk|altpll_component|auto_generated|pll1|clk[0]'
Slack : 7.915
TNS   : 0.000

Type  : Fast 1200mV 0C Model Setup 'clk'
Slack : 17.058
TNS   : 0.000

Type  : Fast 1200mV 0C Model Hold 'u_pll_clk|altpll_component|auto_generated|pll1|clk[0]'
Slack : 0.149
TNS   : 0.000

Type  : Fast 1200mV 0C Model Hold 'u_pll_clk|altpll_component|auto_generated|pll1|clk[1]'
Slack : 0.162
TNS   : 0.000

Type  : Fast 1200mV 0C Model Hold 'clk'
Slack : 0.186
TNS   : 0.000

Type  : Fast 1200mV 0C Model Minimum Pulse Width 'u_pll_clk|altpll_component|auto_generated|pll1|clk[1]'
Slack : 4.734
TNS   : 0.000

Type  : Fast 1200mV 0C Model Minimum Pulse Width 'clk'
Slack : 9.434
TNS   : 0.000

Type  : Fast 1200mV 0C Model Minimum Pulse Width 'u_pll_clk|altpll_component|auto_generated|pll1|clk[0]'
Slack : 9.734
TNS   : 0.000

------------------------------------------------------------
